{
 "testImport_at_start": false
}
{
 "testImport_activate": 200
}
--- after Next from Upload:
Leads
EN
Search or jump to…
Ctrl K
98
99+
ND
CRM
New
Home
Work Queue
Dashboards
Reports
My Requests
My Reviews
CRM Teamspace
Sales
Leads
Contacts
Deals
Accounts
Subscriptions
Activities
Tasks
Calls
Meetings
test
Upload
2
Operation
3
Map fields
4
Assign
5
Review
6
Result
Layout and operation
Pick the layout this import works with, then choose whether to add new records, update existing ones, or both.
Target layout
Imported records are shown only on the layout they're added to. Pick which layout these records should appear under.
Default layout
FieldPermissions
New Layout
Standard
test
What should this import do?
Add new records, update existing ones, or both.
Add new records
Create new records. Optionally skip duplicates on a unique field.
Update existing only
Update matching records. No new records are created.
Add and update
Update matching records and create the rest.
Duplicate handling
When a record with the same value already exists, skip the row instead of creating a duplicate.
Skip duplicate records
The "Default layout" layout has no unique field to detect duplicates. Mark a field on this layout unique in the Module Builder to enable skipping.
Back
Next
--- after Next from Operation:
Leads
EN
Search or jump to…
Ctrl K
98
99+
ND
CRM
New
Home
Work Queue
Dashboards
Reports
My Requests
My Reviews
CRM Teamspace
Sales
Leads
Contacts
Deals
Accounts
Subscriptions
Activities
Tasks
Calls
Meetings
test
Upload
Operation
3
Map fields
4
Assign
5
Review
6
Result
Map your columns to fields
Match each column from your file to a field in this module.
Auto-map
Replace empty values with
3 of 3 columns mapped
Default tags
Applied to every imported record, in addition to any Tags column you mapped.
Tag delimiter
,
;
Use , or ; as tag delimiters. Use one or the other within a field — mixing both in the same field is not accepted. Any other delimiter is not accepted.
File column	Field	Sample value
Full Name
*
	
— Do not import —
Full Name
Phone
Email
Lead Source
Lead Status
Reason
Comment
Complaint Reason
Lead Owner
Tags
	
QART-1585 Lead match
Phone
*
	
— Do not import —
Full Name
Phone
Email
Lead Source
Lead Status
Reason
Comment
Complaint Reason
Lead Owner
Tags
	
01000015851
Email	
— Do not import —
Full Name
Phone
Email
Lead Source
Lead Status
Reason
Comment
Complaint Reason
Lead Owner
Tags
	
qart1585a@example.com
Back
Next
--- after Next from Map fields:
Leads
EN
Search or jump to…
Ctrl K
98
99+
ND
CRM
New
Home
Work Queue
Dashboards
Reports
My Requests
My Reviews
CRM Teamspace
Sales
Leads
Contacts
Deals
Accounts
Subscriptions
Activities
Tasks
Calls
Meetings
test
Upload
Operation
Map fields
4
Assign
5
Review
6
Result
Assign & approve
Choose how imported records get an owner and whether they need approval.
Assignment Rules
Assign owner based on assignment rules
Automation
Trigger workflow rules
Run your workflow rules on the imported records. Off by default — a bulk import is a pure data load. Owner assignment from the chosen rule runs regardless.
Manual Record Approval
Enable manual approval
COMING SOON
Imported records are held for review instead of being activated immediately.
Back
Save & next
{
 "assignOptionVisible": true
}
  - heading "Assignment Rules" [level=2]
  - checkbox "Assign owner based on assignment rules" [checked]
  - text: Assign owner based on assignment rules
  - button "Choose assignment rule"
  - button "Create assignment rules"
  - paragraph: The chosen rule sets the owner on each newly created record.
  - checkbox "Trigger workflow rules Run your workflow rules on the imported records. Off by default — a bulk import is a pure data load. Owner assignment from the chosen rule runs regardless."
  - text: Trigger workflow rules Run your workflow rules on the imported records. Off by default — a bulk import is a pure data load. Owner assignment from the chosen rule runs regardless.
picker: TestImport
chosen: TestImport
--- after Save & next from Assign: Skip to content
Leads
EN
Search or jump to…
Ctrl K
98
99+
ND
CRM
New
Home
Work Queue
Dashboards
Reports
My Requests
My Reviews
CRM Teamspace
Sales
Leads
Contacts
Deals
Accounts
Subscriptions
Activities
Tasks
Calls
Meetings
test
Upload
Operation
Map fields
Assign
5
Review
6
Result
Review and submit
Check the details below, then start the import.
Summary
File
qart-1585-import.csv
Rows
2
Operation
Add new records
Target layout
Default layout
Assignment rule
TestImport
Workflow rules
Not triggered
Manual approval
Off
Mapped columns
3 / 3
Rows that will import
2
Rows with errors
0
All 2 rows passed validation and will be imported.
I confirm I have permission to import this data and that it complies with the acceptable-use policy.
Back
Submit
{
 "submitVisible": true,
 "submitEnabled": true
}
--- Result:
Leads
EN
Search or jump to…
Ctrl K
98
99+
ND
CRM
New
Home
Work Queue
Dashboards
Reports
My Requests
My Reviews
CRM Teamspace
Sales
Leads
Contacts
Deals
Accounts
Subscriptions
Activities
Tasks
Calls
Meetings
test
Upload
Operation
Map fields
Assign
Review
6
Result
Import complete
2
Added
0
Updated
0
Skipped
0
Errors
View records
Import history
File	Operation	Result	Status	Date	
qart-1585-import.csv	Add new records	2 added · 0 updated · 0 skipped · 0 errors	Completed	05/10/2026 6:03 PM	
qart-1585-import.csv	Add new records	0 added · 0 updated · 0 skipped · 2 errors	Completed with errors	05/10/2026 6:02 PM	
qart-1585-import.csv	Add new records	0 added · 0 updated · 0 skipped · 2 errors	Completed with errors	05/10/2026 6:00 PM	
e2e-1585-import.csv	Add new records	5 added · 0 updated · 0 skipped · 0 errors	Completed	05/10/2026 5:17 PM	
e2e-1585-import.csv	Add new records	2 added · 0 updated · 0 skipped · 0 errors	Completed	05/10/2026 1:21 PM	
Import10RowsForConvertLeadInWorkqueue.xlsx	Add new records	5 added · 0 updated · 0 skipped · 0 errors	Undone	05/10/2026 10:37 AM	
Import10RowsForConvertLeadInWorkqueue.xlsx	Add new records	5 added · 0 updated · 0 skipped · 0 errors	Undone	05/10/2026 10:34 AM	
Import10RowsForConvertLeadInWorkqueue.xlsx	Add new records	5 added · 0 updated · 0 skipped · 0 errors	Completed	05/10/2026 10:33 AM	
Import10RowsForConvertLeadInWorkqueue.xlsx	Add new records	5 added · 0 updated · 0 skipped · 0 errors	Completed	05/10/2026 10:30 AM	
Import1
{
 "importApi": [
  {
   "m": "POST",
   "s": 201,
   "u": "/api/v1/modules/841043e1-c078-41f9-8d6e-dfd61bee45c3/import",
   "req": "",
   "b": "{\"success\":true,\"data\":{\"session_id\":\"bb2e178c-165d-4b4f-84d2-f0f098855b3a\",\"status\":\"pending_mapping\",\"headers\":[\"Full Name\",\"Phone\",\"Email\"],\"sample\":[[\"QART-1585 Lead match\",\"01000015851\",\"qart1585a@example.com\"],[\"QART-1585 nomatch\",\"01000015852\",\"qart1585b@example.com\"]],\"suggested_mapping\":[{\"header\":\"Full Name\",\"field\":\"first_name\"},{\"header\":\"Phone\",\"field\":\"phone\"},{\"header\":\"Email\",\"field\":\"email\"}],\"total_rows\":2,\"truncated\":false},\"error\":null,\"meta\":null}"
  },
  {
   "m": "PUT",
   "s": 204,
   "u": "/api/v1/modules/841043e1-c078-41f9-8d6e-dfd61bee45c3/import/bb2e178c-165d-4b4f-84d2-f0f098855b3a/mapping",
   "req": "{\"mode\":\"add\",\"match_field_key\":null,\"layout_id\":null,\"mapping\":[{\"header\":\"Full Name\",\"field\":\"first_name\"},{\"header\":\"Phone\",\"field\":\"phone\"},{\"header\":\"Email\",\"field\":\"email\"}],\"options\":{\"skip_empty\":true,\"replace_empty\":null,\"notify_email\":false,\"assign_to_user_id\":null,\"trigger_automation\":false,\"assignment_rule_id\":\"0a2a2ac9-bed5-4b7b-8228-f65c89405c91\",\"manual_approval\":false,\"default_tag_ids\":[],\"duplicate_check_module_ids\":[]}}",
   "b": ""
  },
  {
   "m": "POST",
   "s": 200,
   "u": "/api/v1/modules/841043e1-c078-41f9-8d6e-dfd61bee45c3/import/bb2e178c-165d-4b4f-84d2-f0f098855b3a/validate",
   "req": "",
   "b": "{\"success\":true,\"data\":{\"total\":2,\"valid\":2,\"error_rows\":0,\"issues\":[],\"aggregates\":[],\"total_issues\":0},\"error\":null,\"meta\":null}"
  },
  {
   "m": "POST",
   "s": 202,
   "u": "/api/v1/modules/841043e1-c078-41f9-8d6e-dfd61bee45c3/import/bb2e178c-165d-4b4f-84d2-f0f098855b3a/execute",
   "req": "",
   "b": "{\"success\":true,\"data\":{\"session_id\":\"bb2e178c-165d-4b4f-84d2-f0f098855b3a\",\"status\":\"scheduled\"},\"error\":null,\"meta\":null}"
  }
 ]
}
{
 "imported": [
  {
   "id": "d77ea3a3-f968-4f75-9099-36a76a801bd6",
   "name": "QART-1585 nomatch",
   "owner": "97be04b6-0a08-4883-aa51-e1650b11cab7",
   "source": "excel_import"
  },
  {
   "id": "a8bed108-f4c6-4234-b059-8a8d5e0154fe",
   "name": "QART-1585 Lead match",
   "owner": "7e5e7c27-46e4-4bf6-b021-7bd219d34472",
   "source": "excel_import"
  }
 ]
}
{
 "testImport_restore_off": 200
}
